******************************************************************************
                  TI ARM Linker Unix v20.2.7                   
******************************************************************************
>> Linked Mon Apr 20 22:29:20 2026

OUTPUT FILE NAME:   <final_project.out>
ENTRY POINT SYMBOL: "_c_int00_noargs"  address: 00015d19


MEMORY CONFIGURATION

         name            origin    length      used     unused   attr    fill
----------------------  --------  ---------  --------  --------  ----  --------
  FLASH                 00000000   00040000  00015f58  0002a0a8  R  X
  SRAM                  20000000   00008000  00000210  00007df0  RW X


SEGMENT ALLOCATION MAP

run origin  load origin   length   init length attrs members
----------  ----------- ---------- ----------- ----- -------
00000000    00000000    00015f58   00015f58    r-x
  00000000    00000000    0000026c   0000026c    r-- .intvecs
  0000026c    0000026c    000147e8   000147e8    r-- .const
  00014a54    00014a54    000014d4   000014d4    r-x .text
  00015f28    00015f28    00000030   00000030    r-- .cinit
20000000    20000000    00000210   00000000    rw-
  20000000    20000000    00000200   00000000    rw- .stack
  20000200    20000200    0000000c   00000000    rw- .bss
  2000020c    2000020c    00000004   00000000    rw- .data


SECTION ALLOCATION MAP

 output                                  attributes/
section   page    origin      length       input sections
--------  ----  ----------  ----------   ----------------
.intvecs   0    00000000    0000026c     
                  00000000    0000026c     tm4c123gh6pm_startup_ccs.obj (.intvecs)

.const     0    0000026c    000147e8     
                  0000026c    0000c234     main.obj (.const:.string)
                  0000c4a0    00002c88     main.obj (.const:SONG_track2)
                  0000f128    00002570     main.obj (.const:SONG_track3)
                  00011698    00001bd0     main.obj (.const:SONG_track4)
                  00013268    00001128     main.obj (.const:SONG_track1)
                  00014390    0000020c     main.obj (.const:SCENE)
                  0001459c    00000090     driverlib.lib : gpio.obj (.const:g_pui32GPIOBaseAddrs)
                  0001462c    0000006c                   : sysctl.obj (.const:g_pui32Xtals)
                  00014698    00000030     main.obj (.const:DIALOG_ATK_DROP)
                  000146c8    00000030     main.obj (.const:DIALOG_BULB_ATK)
                  000146f8    00000030     main.obj (.const:DIALOG_BULB_FAINT)
                  00014728    00000030     main.obj (.const:DIALOG_CHOOSE)
                  00014758    00000030     main.obj (.const:DIALOG_DEF_DROP)
                  00014788    00000030     main.obj (.const:DIALOG_GROWL)
                  000147b8    00000030     main.obj (.const:DIALOG_IDLE)
                  000147e8    00000030     main.obj (.const:DIALOG_LOSE)
                  00014818    00000030     main.obj (.const:DIALOG_SQURT_ATK)
                  00014848    00000030     main.obj (.const:DIALOG_SQURT_FAINT)
                  00014878    00000030     main.obj (.const:DIALOG_TACKLE)
                  000148a8    00000030     main.obj (.const:DIALOG_TAIL_WHIP)
                  000148d8    00000030     main.obj (.const:DIALOG_WIN)
                  00014908    00000018     main.obj (.const:MLBL_BAG)
                  00014920    00000018     main.obj (.const:MLBL_FIGHT)
                  00014938    00000018     main.obj (.const:MLBL_GROWL)
                  00014950    00000018     main.obj (.const:MLBL_POKEMON)
                  00014968    00000018     main.obj (.const:MLBL_RUN)
                  00014980    00000018     main.obj (.const:MLBL_TACKLE)
                  00014998    00000018     main.obj (.const:MLBL_TAIL_WHIP)
                  000149b0    00000018     main.obj (.const:MLBL_WATER_GUN)
                  000149c8    00000014     main.obj (.const:CURSOR_EMPTY)
                  000149dc    00000014     main.obj (.const:CURSOR_SEL)
                  000149f0    00000014     driverlib.lib : interrupt.obj (.const:g_pui32EnRegs)
                  00014a04    00000010     main.obj (.const:MAIN_LABELS)
                  00014a14    00000010     main.obj (.const:MOVE_COL)
                  00014a24    00000010     main.obj (.const:MOVE_LABELS)
                  00014a34    00000010     main.obj (.const:MOVE_ROW)
                  00014a44    00000010     main.obj (.const:PLAYLIST)

.text      0    00014a54    000014d4     
                  00014a54    00000ba8     main.obj (.text)
                  000155fc    0000016c     driverlib.lib : gpio.obj (.text:GPIOPadConfigSet)
                  00015768    00000118                   : sysctl.obj (.text:SysCtlClockGet)
                  00015880    000000f4                   : sysctl.obj (.text:SysCtlClockSet)
                  00015974    0000009c     rtsv7M4_T_le_v4SPD16_eabi.lib : memcpy_t2.asm.obj (.text)
                  00015a10    0000007a     driverlib.lib : adc.obj (.text:ADCSequenceStepConfigure)
                  00015a8a    00000002     --HOLE-- [fill = 0]
                  00015a8c    00000068                   : interrupt.obj (.text:IntEnable)
                  00015af4    00000068     rtsv7M4_T_le_v4SPD16_eabi.lib : copy_decompress_lzss.c.obj (.text:decompress:lzss:__TI_decompress_lzss)
                  00015b5c    00000060     driverlib.lib : timer.obj (.text:TimerConfigure)
                  00015bbc    0000004e                   : adc.obj (.text:ADCSequenceConfigure)
                  00015c0a    00000002     --HOLE-- [fill = 0]
                  00015c0c    0000004c                   : gpio.obj (.text:GPIOPinConfigure)
                  00015c58    00000046                   : uart.obj (.text:UARTConfigSetExpClk)
                  00015c9e    00000002     --HOLE-- [fill = 0]
                  00015ca0    00000044     rtsv7M4_T_le_v4SPD16_eabi.lib : autoinit.c.obj (.text:__TI_auto_init_nobinit_nopinit:__TI_auto_init_nobinit_nopinit)
                  00015ce4    00000034     driverlib.lib : sysctl.obj (.text:SysCtlPeripheralEnable)
                  00015d18    00000034     rtsv7M4_T_le_v4SPD16_eabi.lib : boot_cortex_m.c.obj (.text:_c_int00_noargs:_c_int00_noargs)
                  00015d4c    0000002e     driverlib.lib : adc.obj (.text:ADCIntStatus)
                  00015d7a    0000002c                   : gpio.obj (.text:GPIODirModeSet)
                  00015da6    00000002     --HOLE-- [fill = 0]
                  00015da8    00000020                   : uart.obj (.text:UARTDisable)
                  00015dc8    0000001e                   : adc.obj (.text:ADCSequenceDataGet)
                  00015de6    0000001c     rtsv7M4_T_le_v4SPD16_eabi.lib : copy_zero_init.c.obj (.text:decompress:ZI:__TI_zero_init_nomemset:__TI_zero_init_nomemset)
                  00015e02    0000001a     driverlib.lib : gpio.obj (.text:GPIOPinTypeGPIOOutput)
                  00015e1c    00000018                   : adc.obj (.text:ADCProcessorTrigger)
                  00015e34    00000016                   : gpio.obj (.text:GPIOPinTypeADC)
                  00015e4a    00000016                   : gpio.obj (.text:GPIOPinTypeGPIOInput)
                  00015e60    00000016                   : gpio.obj (.text:GPIOPinTypeUART)
                  00015e76    00000014                   : uart.obj (.text:UARTEnable)
                  00015e8a    00000012                   : timer.obj (.text:TimerLoadSet)
                  00015e9c    00000010                   : interrupt.obj (.text:IntMasterEnable)
                  00015eac    0000000e                   : adc.obj (.text:ADCSequenceEnable)
                  00015eba    0000000e                   : timer.obj (.text:TimerEnable)
                  00015ec8    0000000e     rtsv7M4_T_le_v4SPD16_eabi.lib : copy_decompress_none.c.obj (.text:decompress:none:__TI_decompress_none)
                  00015ed6    0000000c     driverlib.lib : cpu.obj (.text:CPUcpsie)
                  00015ee2    0000000c     tm4c123gh6pm_startup_ccs.obj (.text)
                  00015eee    0000000a     driverlib.lib : adc.obj (.text:ADCIntClear)
                  00015ef8    0000000a                   : uart.obj (.text:UARTCharPut)
                  00015f02    00000008                   : timer.obj (.text:TimerIntEnable)
                  00015f0a    00000006                   : gpio.obj (.text:GPIOPinRead)
                  00015f10    00000006                   : gpio.obj (.text:GPIOPinWrite)
                  00015f16    00000006                   : sysctl.obj (.text:SysCtlDelay)
                  00015f1c    00000004                   : timer.obj (.text:TimerIntClear)
                  00015f20    00000004     rtsv7M4_T_le_v4SPD16_eabi.lib : pre_init.c.obj (.text:_system_pre_init)
                  00015f24    00000004                                   : exit.c.obj (.text:abort:abort)

.cinit     0    00015f28    00000030     
                  00015f28    0000000c     (__TI_handler_table)
                  00015f34    00000004     --HOLE-- [fill = 0]
                  00015f38    00000008     (.cinit..bss.load) [load image, compression = zero_init]
                  00015f40    00000007     (.cinit..data.load) [load image, compression = lzss]
                  00015f47    00000001     --HOLE-- [fill = 0]
                  00015f48    00000010     (__TI_cinit_table)

.init_array 
*          0    00000000    00000000     UNINITIALIZED

.bss       0    20000200    0000000c     UNINITIALIZED
                  20000200    00000004     (.common:g_note_idx)
                  20000204    00000004     (.common:g_ticks_left)
                  20000208    00000004     (.common:g_track_idx)

.data      0    2000020c    00000004     UNINITIALIZED
                  2000020c    00000004     main.obj (.data)

.stack     0    20000000    00000200     UNINITIALIZED
                  20000000    00000004     rtsv7M4_T_le_v4SPD16_eabi.lib : boot_cortex_m.c.obj (.stack)
                  20000004    000001fc     --HOLE--

__llvm_prf_cnts 
*          0    20000000    00000000     UNINITIALIZED

MODULE SUMMARY

       Module                         code   ro data   rw data
       ------                         ----   -------   -------
    ./
       main.obj                       2984   83672     16     
       tm4c123gh6pm_startup_ccs.obj   12     620       0      
    +--+------------------------------+------+---------+---------+
       Total:                         2996   84292     16     
                                                              
    /Applications/ti/TivaWare-2.2.0.295/driverlib/ccs/Debug/driverlib.lib
       gpio.obj                       588    144       0      
       sysctl.obj                     582    108       0      
       adc.obj                        324    0         0      
       interrupt.obj                  120    20        0      
       timer.obj                      140    0         0      
       uart.obj                       132    0         0      
       cpu.obj                        12     0         0      
    +--+------------------------------+------+---------+---------+
       Total:                         1898   272       0      
                                                              
    /Applications/ti/ccs1220/ccs/tools/compiler/ti-cgt-arm_20.2.7.LTS/lib/rtsv7M4_T_le_v4SPD16_eabi.lib
       memcpy_t2.asm.obj              156    0         0      
       copy_decompress_lzss.c.obj     104    0         0      
       autoinit.c.obj                 68     0         0      
       boot_cortex_m.c.obj            52     0         0      
       copy_zero_init.c.obj           28     0         0      
       copy_decompress_none.c.obj     14     0         0      
       exit.c.obj                     4      0         0      
       pre_init.c.obj                 4      0         0      
    +--+------------------------------+------+---------+---------+
       Total:                         430    0         0      
                                                              
       Stack:                         0      0         512    
       Linker Generated:              0      43        0      
    +--+------------------------------+------+---------+---------+
       Grand Total:                   5324   84607     528    


LINKER GENERATED COPY TABLES

__TI_cinit_table @ 00015f48 records: 2, size/record: 8, table size: 16
	.bss: load addr=00015f38, load size=00000008 bytes, run addr=20000200, run size=0000000c bytes, compression=zero_init
	.data: load addr=00015f40, load size=00000007 bytes, run addr=2000020c, run size=00000004 bytes, compression=lzss


LINKER GENERATED HANDLER TABLE

__TI_handler_table @ 00015f28 records: 3, size/record: 4, table size: 12
	index: 0, handler: __TI_decompress_lzss
	index: 1, handler: __TI_decompress_none
	index: 2, handler: __TI_zero_init


GLOBAL SYMBOLS: SORTED ALPHABETICALLY BY Name 

address   name                          
-------   ----                          
00015eef  ADCIntClear                   
00015d4d  ADCIntStatus                  
00015e1d  ADCProcessorTrigger           
00015bbd  ADCSequenceConfigure          
00015dc9  ADCSequenceDataGet            
00015ead  ADCSequenceEnable             
00015a11  ADCSequenceStepConfigure      
00014b53  ADC_initialize                
00015f25  C$$EXIT                       
00015ed7  CPUcpsie                      
00015d7b  GPIODirModeSet                
000155fd  GPIOPadConfigSet              
00015c0d  GPIOPinConfigure              
00015f0b  GPIOPinRead                   
00015e35  GPIOPinTypeADC                
00015e4b  GPIOPinTypeGPIOInput          
00015e03  GPIOPinTypeGPIOOutput         
00015e61  GPIOPinTypeUART               
00015f11  GPIOPinWrite                  
00015a8d  IntEnable                     
00015e9d  IntMasterEnable               
00015ee3  ResetISR                      
00015769  SysCtlClockGet                
00015881  SysCtlClockSet                
00015f17  SysCtlDelay                   
00015ce5  SysCtlPeripheralEnable        
00014f99  Timer0IntHandler              
00015b5d  TimerConfigure                
00015ebb  TimerEnable                   
00015f1d  TimerIntClear                 
00015f03  TimerIntEnable                
00015e8b  TimerLoadSet                  
00015ef9  UARTCharPut                   
00015c59  UARTConfigSetExpClk           
00015da9  UARTDisable                   
00015e77  UARTEnable                    
00014a55  UART_initialize               
20000200  __STACK_END                   
00000200  __STACK_SIZE                  
20000200  __STACK_TOP                   
00015f48  __TI_CINIT_Base               
00015f58  __TI_CINIT_Limit              
00015f28  __TI_Handler_Table_Base       
00015f34  __TI_Handler_Table_Limit      
00015ca1  __TI_auto_init_nobinit_nopinit
00015af5  __TI_decompress_lzss          
00015ec9  __TI_decompress_none          
ffffffff  __TI_pprof_out_hndl           
ffffffff  __TI_prof_data_size           
ffffffff  __TI_prof_data_start          
00000000  __TI_static_base__            
00015de7  __TI_zero_init_nomemset       
00015975  __aeabi_memcpy                
00015975  __aeabi_memcpy4               
00015975  __aeabi_memcpy8               
ffffffff  __binit__                     
ffffffff  __c_args__                    
UNDEFED   __mpu_init                    
20000000  __stack                       
20000000  __start___llvm_prf_cnts       
20000000  __stop___llvm_prf_cnts        
00015d19  _c_int00_noargs               
UNDEFED   _system_post_cinit            
00015f21  _system_pre_init              
00015f25  abort                         
ffffffff  binit                         
2000020c  g_muted                       
20000200  g_note_idx                    
00000000  g_pfnVectors                  
20000204  g_ticks_left                  
20000208  g_track_idx                   
00015189  main                          
00015975  memcpy                        
00014ebd  update_dialog                 
00014cb5  update_hp_bar                 
00014d61  update_move_cursor            
00014f2b  update_sprite                 


GLOBAL SYMBOLS: SORTED BY Symbol Address 

address   name                          
-------   ----                          
00000000  __TI_static_base__            
00000000  g_pfnVectors                  
00000200  __STACK_SIZE                  
00014a55  UART_initialize               
00014b53  ADC_initialize                
00014cb5  update_hp_bar                 
00014d61  update_move_cursor            
00014ebd  update_dialog                 
00014f2b  update_sprite                 
00014f99  Timer0IntHandler              
00015189  main                          
000155fd  GPIOPadConfigSet              
00015769  SysCtlClockGet                
00015881  SysCtlClockSet                
00015975  __aeabi_memcpy                
00015975  __aeabi_memcpy4               
00015975  __aeabi_memcpy8               
00015975  memcpy                        
00015a11  ADCSequenceStepConfigure      
00015a8d  IntEnable                     
00015af5  __TI_decompress_lzss          
00015b5d  TimerConfigure                
00015bbd  ADCSequenceConfigure          
00015c0d  GPIOPinConfigure              
00015c59  UARTConfigSetExpClk           
00015ca1  __TI_auto_init_nobinit_nopinit
00015ce5  SysCtlPeripheralEnable        
00015d19  _c_int00_noargs               
00015d4d  ADCIntStatus                  
00015d7b  GPIODirModeSet                
00015da9  UARTDisable                   
00015dc9  ADCSequenceDataGet            
00015de7  __TI_zero_init_nomemset       
00015e03  GPIOPinTypeGPIOOutput         
00015e1d  ADCProcessorTrigger           
00015e35  GPIOPinTypeADC                
00015e4b  GPIOPinTypeGPIOInput          
00015e61  GPIOPinTypeUART               
00015e77  UARTEnable                    
00015e8b  TimerLoadSet                  
00015e9d  IntMasterEnable               
00015ead  ADCSequenceEnable             
00015ebb  TimerEnable                   
00015ec9  __TI_decompress_none          
00015ed7  CPUcpsie                      
00015ee3  ResetISR                      
00015eef  ADCIntClear                   
00015ef9  UARTCharPut                   
00015f03  TimerIntEnable                
00015f0b  GPIOPinRead                   
00015f11  GPIOPinWrite                  
00015f17  SysCtlDelay                   
00015f1d  TimerIntClear                 
00015f21  _system_pre_init              
00015f25  C$$EXIT                       
00015f25  abort                         
00015f28  __TI_Handler_Table_Base       
00015f34  __TI_Handler_Table_Limit      
00015f48  __TI_CINIT_Base               
00015f58  __TI_CINIT_Limit              
20000000  __stack                       
20000000  __start___llvm_prf_cnts       
20000000  __stop___llvm_prf_cnts        
20000200  __STACK_END                   
20000200  __STACK_TOP                   
20000200  g_note_idx                    
20000204  g_ticks_left                  
20000208  g_track_idx                   
2000020c  g_muted                       
ffffffff  __TI_pprof_out_hndl           
ffffffff  __TI_prof_data_size           
ffffffff  __TI_prof_data_start          
ffffffff  __binit__                     
ffffffff  __c_args__                    
ffffffff  binit                         
UNDEFED   __mpu_init                    
UNDEFED   _system_post_cinit            

[77 symbols]
