******************************************************************************
                  TI ARM Linker Unix v20.2.7                   
******************************************************************************
>> Linked Wed Apr 29 03:16:33 2026

OUTPUT FILE NAME:   <final_project.out>
ENTRY POINT SYMBOL: "_c_int00_noargs"  address: 000123d9


MEMORY CONFIGURATION

         name            origin    length      used     unused   attr    fill
----------------------  --------  ---------  --------  --------  ----  --------
  FLASH                 00000000   00040000  000127f0  0002d810  R  X
  SRAM                  20000000   00008000  00000441  00007bbf  RW X


SEGMENT ALLOCATION MAP

run origin  load origin   length   init length attrs members
----------  ----------- ---------- ----------- ----- -------
00000000    00000000    000127f0   000127f0    r-x
  00000000    00000000    0000026c   0000026c    r-- .intvecs
  0000026c    0000026c    00010c84   00010c84    r-- .const
  00010ef0    00010ef0    000016f8   000016f8    r-x .text
  000125e8    000125e8    00000208   00000208    r-- .cinit
20000000    20000000    00000441   00000000    rw-
  20000000    20000000    00000228   00000000    rw- .data
  20000228    20000228    00000200   00000000    rw- .stack
  20000428    20000428    00000019   00000000    rw- .bss


SECTION ALLOCATION MAP

 output                                  attributes/
section   page    origin      length       input sections
--------  ----  ----------  ----------   ----------------
.intvecs   0    00000000    0000026c     
                  00000000    0000026c     tm4c123gh6pm_startup_ccs.obj (.intvecs)

.const     0    0000026c    00010c84     
                  0000026c    0000f806     main.obj (.const:.string)
                  0000fa72    0000044c     main.obj (.const:.string:track1)
                  0000febe    00000400     main.obj (.const:.string:track4)
                  000102be    00000302     main.obj (.const:.string:track2)
                  000105c0    00000204     main.obj (.const:SCENE)
                  000107c4    00000150     main.obj (.const:HP_STRINGS)
                  00010914    000000ea     main.obj (.const:.string:track3)
                  000109fe    00000002     --HOLE-- [fill = 0]
                  00010a00    000000a8     main.obj (.const:notes)
                  00010aa8    00000090     driverlib.lib : gpio.obj (.const:g_pui32GPIOBaseAddrs)
                  00010b38    0000006c                   : sysctl.obj (.const:g_pui32Xtals)
                  00010ba4    00000030     main.obj (.const:PLAYLIST)
                  00010bd4    00000028     main.obj (.const:DIALOG_ATK_DROP)
                  00010bfc    00000028     main.obj (.const:DIALOG_BULB_ATK)
                  00010c24    00000028     main.obj (.const:DIALOG_BULB_FAINT)
                  00010c4c    00000028     main.obj (.const:DIALOG_CHOOSE)
                  00010c74    00000028     main.obj (.const:DIALOG_DEF_DROP)
                  00010c9c    00000028     main.obj (.const:DIALOG_GROWL)
                  00010cc4    00000028     main.obj (.const:DIALOG_IDLE)
                  00010cec    00000028     main.obj (.const:DIALOG_LOSE)
                  00010d14    00000028     main.obj (.const:DIALOG_SQURT_ATK)
                  00010d3c    00000028     main.obj (.const:DIALOG_SQURT_FAINT)
                  00010d64    00000028     main.obj (.const:DIALOG_TACKLE)
                  00010d8c    00000028     main.obj (.const:DIALOG_TAIL_WHIP)
                  00010db4    00000028     main.obj (.const:DIALOG_WIN)
                  00010ddc    00000014     main.obj (.const:MLBL_BAG)
                  00010df0    00000014     main.obj (.const:MLBL_FIGHT)
                  00010e04    00000014     main.obj (.const:MLBL_GROWL)
                  00010e18    00000014     main.obj (.const:MLBL_POKEMON)
                  00010e2c    00000014     main.obj (.const:MLBL_RUN)
                  00010e40    00000014     main.obj (.const:MLBL_TACKLE)
                  00010e54    00000014     main.obj (.const:MLBL_TAIL_WHIP)
                  00010e68    00000014     main.obj (.const:MLBL_WATER_GUN)
                  00010e7c    00000014     driverlib.lib : interrupt.obj (.const:g_pui32EnRegs)
                  00010e90    00000010     main.obj (.const:CURSOR_EMPTY)
                  00010ea0    00000010     main.obj (.const:CURSOR_SEL)
                  00010eb0    00000010     main.obj (.const:MAIN_LABELS)
                  00010ec0    00000010     main.obj (.const:MOVE_COL)
                  00010ed0    00000010     main.obj (.const:MOVE_LABELS)
                  00010ee0    00000010     main.obj (.const:MOVE_ROW)

.text      0    00010ef0    000016f8     
                  00010ef0    00000dcc     main.obj (.text)
                  00011cbc    0000016c     driverlib.lib : gpio.obj (.text:GPIOPadConfigSet)
                  00011e28    00000118                   : sysctl.obj (.text:SysCtlClockGet)
                  00011f40    000000f4                   : sysctl.obj (.text:SysCtlClockSet)
                  00012034    0000009c     rtsv7M4_T_le_v4SPD16_eabi.lib : memcpy_t2.asm.obj (.text)
                  000120d0    0000007a     driverlib.lib : adc.obj (.text:ADCSequenceStepConfigure)
                  0001214a    00000002     --HOLE-- [fill = 0]
                  0001214c    00000068                   : interrupt.obj (.text:IntEnable)
                  000121b4    00000068     rtsv7M4_T_le_v4SPD16_eabi.lib : copy_decompress_lzss.c.obj (.text:decompress:lzss:__TI_decompress_lzss)
                  0001221c    00000060     driverlib.lib : timer.obj (.text:TimerConfigure)
                  0001227c    0000004e                   : adc.obj (.text:ADCSequenceConfigure)
                  000122ca    00000002     --HOLE-- [fill = 0]
                  000122cc    0000004c                   : gpio.obj (.text:GPIOPinConfigure)
                  00012318    00000046                   : uart.obj (.text:UARTConfigSetExpClk)
                  0001235e    00000002     --HOLE-- [fill = 0]
                  00012360    00000044     rtsv7M4_T_le_v4SPD16_eabi.lib : autoinit.c.obj (.text:__TI_auto_init_nobinit_nopinit:__TI_auto_init_nobinit_nopinit)
                  000123a4    00000034     driverlib.lib : sysctl.obj (.text:SysCtlPeripheralEnable)
                  000123d8    00000034     rtsv7M4_T_le_v4SPD16_eabi.lib : boot_cortex_m.c.obj (.text:_c_int00_noargs:_c_int00_noargs)
                  0001240c    0000002e     driverlib.lib : adc.obj (.text:ADCIntStatus)
                  0001243a    0000002c                   : gpio.obj (.text:GPIODirModeSet)
                  00012466    00000002     --HOLE-- [fill = 0]
                  00012468    00000020                   : uart.obj (.text:UARTDisable)
                  00012488    0000001e                   : adc.obj (.text:ADCSequenceDataGet)
                  000124a6    0000001c     rtsv7M4_T_le_v4SPD16_eabi.lib : copy_zero_init.c.obj (.text:decompress:ZI:__TI_zero_init_nomemset:__TI_zero_init_nomemset)
                  000124c2    0000001a     driverlib.lib : gpio.obj (.text:GPIOPinTypeGPIOOutput)
                  000124dc    00000018                   : adc.obj (.text:ADCProcessorTrigger)
                  000124f4    00000016                   : gpio.obj (.text:GPIOPinTypeADC)
                  0001250a    00000016                   : gpio.obj (.text:GPIOPinTypeGPIOInput)
                  00012520    00000016                   : gpio.obj (.text:GPIOPinTypeUART)
                  00012536    00000014                   : uart.obj (.text:UARTEnable)
                  0001254a    00000012                   : timer.obj (.text:TimerLoadSet)
                  0001255c    00000010                   : interrupt.obj (.text:IntMasterEnable)
                  0001256c    0000000e                   : adc.obj (.text:ADCSequenceEnable)
                  0001257a    0000000e                   : timer.obj (.text:TimerEnable)
                  00012588    0000000e     rtsv7M4_T_le_v4SPD16_eabi.lib : copy_decompress_none.c.obj (.text:decompress:none:__TI_decompress_none)
                  00012596    0000000c     driverlib.lib : cpu.obj (.text:CPUcpsie)
                  000125a2    0000000c     tm4c123gh6pm_startup_ccs.obj (.text)
                  000125ae    0000000a     driverlib.lib : adc.obj (.text:ADCIntClear)
                  000125b8    0000000a                   : uart.obj (.text:UARTCharPut)
                  000125c2    00000008                   : timer.obj (.text:TimerIntEnable)
                  000125ca    00000006                   : gpio.obj (.text:GPIOPinRead)
                  000125d0    00000006                   : gpio.obj (.text:GPIOPinWrite)
                  000125d6    00000006                   : sysctl.obj (.text:SysCtlDelay)
                  000125dc    00000004                   : timer.obj (.text:TimerIntClear)
                  000125e0    00000004     rtsv7M4_T_le_v4SPD16_eabi.lib : pre_init.c.obj (.text:_system_pre_init)
                  000125e4    00000004                                   : exit.c.obj (.text:abort:abort)

.cinit     0    000125e8    00000208     
                  000125e8    000001e1     (.cinit..data.load) [load image, compression = lzss]
                  000127c9    00000003     --HOLE-- [fill = 0]
                  000127cc    0000000c     (__TI_handler_table)
                  000127d8    00000008     (.cinit..bss.load) [load image, compression = zero_init]
                  000127e0    00000010     (__TI_cinit_table)

.init_array 
*          0    00000000    00000000     UNINITIALIZED

.data      0    20000000    00000228     UNINITIALIZED
                  20000000    0000011c     main.obj (.data:squirtle)
                  2000011c    00000104     main.obj (.data:bulbasaur)
                  20000220    00000008     main.obj (.data)

.bss       0    20000428    00000019     UNINITIALIZED
                  20000428    00000004     (.common:LEN)
                  2000042c    00000004     (.common:TEMPO)
                  20000430    00000004     (.common:seq)
                  20000434    00000004     (.common:ticks_left)
                  20000438    00000004     (.common:track_seq)
                  2000043c    00000004     (.common:ui32Period)
                  20000440    00000001     (.common:beat)

.stack     0    20000228    00000200     UNINITIALIZED
                  20000228    00000004     rtsv7M4_T_le_v4SPD16_eabi.lib : boot_cortex_m.c.obj (.stack)
                  2000022c    000001fc     --HOLE--

__llvm_prf_cnts 
*          0    20000000    00000000     UNINITIALIZED

MODULE SUMMARY

       Module                         code   ro data   rw data
       ------                         ----   -------   -------
    ./
       main.obj                       3532   68466     577    
       tm4c123gh6pm_startup_ccs.obj   12     620       0      
    +--+------------------------------+------+---------+---------+
       Total:                         3544   69086     577    
                                                              
    /Applications/ti/TivaWare-2.2.0.295/driverlib/ccs/Debug/driverlib.lib
       gpio.obj                       588    144       0      
       sysctl.obj                     582    108       0      
       adc.obj                        324    0         0      
       interrupt.obj                  120    20        0      
       timer.obj                      140    0         0      
       uart.obj                       132    0         0      
       cpu.obj                        12     0         0      
    +--+------------------------------+------+---------+---------+
       Total:                         1898   272       0      
                                                              
    /Applications/ti/ccs1220/ccs/tools/compiler/ti-cgt-arm_20.2.7.LTS/lib/rtsv7M4_T_le_v4SPD16_eabi.lib
       memcpy_t2.asm.obj              156    0         0      
       copy_decompress_lzss.c.obj     104    0         0      
       autoinit.c.obj                 68     0         0      
       boot_cortex_m.c.obj            52     0         0      
       copy_zero_init.c.obj           28     0         0      
       copy_decompress_none.c.obj     14     0         0      
       exit.c.obj                     4      0         0      
       pre_init.c.obj                 4      0         0      
    +--+------------------------------+------+---------+---------+
       Total:                         430    0         0      
                                                              
       Stack:                         0      0         512    
       Linker Generated:              0      517       0      
    +--+------------------------------+------+---------+---------+
       Grand Total:                   5872   69875     1089   


LINKER GENERATED COPY TABLES

__TI_cinit_table @ 000127e0 records: 2, size/record: 8, table size: 16
	.data: load addr=000125e8, load size=000001e1 bytes, run addr=20000000, run size=00000228 bytes, compression=lzss
	.bss: load addr=000127d8, load size=00000008 bytes, run addr=20000428, run size=00000019 bytes, compression=zero_init


LINKER GENERATED HANDLER TABLE

__TI_handler_table @ 000127cc records: 3, size/record: 4, table size: 12
	index: 0, handler: __TI_decompress_lzss
	index: 1, handler: __TI_decompress_none
	index: 2, handler: __TI_zero_init


GLOBAL SYMBOLS: SORTED ALPHABETICALLY BY Name 

address   name                          
-------   ----                          
000125af  ADCIntClear                   
0001240d  ADCIntStatus                  
000124dd  ADCProcessorTrigger           
0001227d  ADCSequenceConfigure          
00012489  ADCSequenceDataGet            
0001256d  ADCSequenceEnable             
000120d1  ADCSequenceStepConfigure      
00010fef  ADC_initialize                
000125e5  C$$EXIT                       
00012597  CPUcpsie                      
0001243b  GPIODirModeSet                
00011cbd  GPIOPadConfigSet              
000122cd  GPIOPinConfigure              
000125cb  GPIOPinRead                   
000124f5  GPIOPinTypeADC                
0001250b  GPIOPinTypeGPIOInput          
000124c3  GPIOPinTypeGPIOOutput         
00012521  GPIOPinTypeUART               
000125d1  GPIOPinWrite                  
0001214d  IntEnable                     
0001255d  IntMasterEnable               
20000428  LEN                           
000125a3  ResetISR                      
00011e29  SysCtlClockGet                
00011f41  SysCtlClockSet                
000125d7  SysCtlDelay                   
000123a5  SysCtlPeripheralEnable        
2000042c  TEMPO                         
000115a7  Timer0IntHandler              
0001221d  TimerConfigure                
0001257b  TimerEnable                   
000125dd  TimerIntClear                 
000125c3  TimerIntEnable                
0001254b  TimerLoadSet                  
000125b9  UARTCharPut                   
00012319  UARTConfigSetExpClk           
00012469  UARTDisable                   
00012537  UARTEnable                    
00010ef1  UART_initialize               
20000428  __STACK_END                   
00000200  __STACK_SIZE                  
20000428  __STACK_TOP                   
000127e0  __TI_CINIT_Base               
000127f0  __TI_CINIT_Limit              
000127cc  __TI_Handler_Table_Base       
000127d8  __TI_Handler_Table_Limit      
00012361  __TI_auto_init_nobinit_nopinit
000121b5  __TI_decompress_lzss          
00012589  __TI_decompress_none          
ffffffff  __TI_pprof_out_hndl           
ffffffff  __TI_prof_data_size           
ffffffff  __TI_prof_data_start          
00000000  __TI_static_base__            
000124a7  __TI_zero_init_nomemset       
00012035  __aeabi_memcpy                
00012035  __aeabi_memcpy4               
00012035  __aeabi_memcpy8               
ffffffff  __binit__                     
ffffffff  __c_args__                    
UNDEFED   __mpu_init                    
20000228  __stack                       
20000000  __start___llvm_prf_cnts       
20000000  __stop___llvm_prf_cnts        
000123d9  _c_int00_noargs               
UNDEFED   _system_post_cinit            
000125e1  _system_pre_init              
000125e5  abort                         
20000440  beat                          
ffffffff  binit                         
20000220  g_music_state                 
20000224  g_muted                       
00000000  g_pfnVectors                  
00011755  main                          
00012035  memcpy                        
20000430  seq                           
20000434  ticks_left                    
20000438  track_seq                     
2000043c  ui32Period                    
000113c7  update_dialog                 
00011151  update_hp_bar                 
000111fd  update_hp_num                 
0001129d  update_move_cursor            
0001143d  update_sprite                 


GLOBAL SYMBOLS: SORTED BY Symbol Address 

address   name                          
-------   ----                          
00000000  __TI_static_base__            
00000000  g_pfnVectors                  
00000200  __STACK_SIZE                  
00010ef1  UART_initialize               
00010fef  ADC_initialize                
00011151  update_hp_bar                 
000111fd  update_hp_num                 
0001129d  update_move_cursor            
000113c7  update_dialog                 
0001143d  update_sprite                 
000115a7  Timer0IntHandler              
00011755  main                          
00011cbd  GPIOPadConfigSet              
00011e29  SysCtlClockGet                
00011f41  SysCtlClockSet                
00012035  __aeabi_memcpy                
00012035  __aeabi_memcpy4               
00012035  __aeabi_memcpy8               
00012035  memcpy                        
000120d1  ADCSequenceStepConfigure      
0001214d  IntEnable                     
000121b5  __TI_decompress_lzss          
0001221d  TimerConfigure                
0001227d  ADCSequenceConfigure          
000122cd  GPIOPinConfigure              
00012319  UARTConfigSetExpClk           
00012361  __TI_auto_init_nobinit_nopinit
000123a5  SysCtlPeripheralEnable        
000123d9  _c_int00_noargs               
0001240d  ADCIntStatus                  
0001243b  GPIODirModeSet                
00012469  UARTDisable                   
00012489  ADCSequenceDataGet            
000124a7  __TI_zero_init_nomemset       
000124c3  GPIOPinTypeGPIOOutput         
000124dd  ADCProcessorTrigger           
000124f5  GPIOPinTypeADC                
0001250b  GPIOPinTypeGPIOInput          
00012521  GPIOPinTypeUART               
00012537  UARTEnable                    
0001254b  TimerLoadSet                  
0001255d  IntMasterEnable               
0001256d  ADCSequenceEnable             
0001257b  TimerEnable                   
00012589  __TI_decompress_none          
00012597  CPUcpsie                      
000125a3  ResetISR                      
000125af  ADCIntClear                   
000125b9  UARTCharPut                   
000125c3  TimerIntEnable                
000125cb  GPIOPinRead                   
000125d1  GPIOPinWrite                  
000125d7  SysCtlDelay                   
000125dd  TimerIntClear                 
000125e1  _system_pre_init              
000125e5  C$$EXIT                       
000125e5  abort                         
000127cc  __TI_Handler_Table_Base       
000127d8  __TI_Handler_Table_Limit      
000127e0  __TI_CINIT_Base               
000127f0  __TI_CINIT_Limit              
20000000  __start___llvm_prf_cnts       
20000000  __stop___llvm_prf_cnts        
20000220  g_music_state                 
20000224  g_muted                       
20000228  __stack                       
20000428  LEN                           
20000428  __STACK_END                   
20000428  __STACK_TOP                   
2000042c  TEMPO                         
20000430  seq                           
20000434  ticks_left                    
20000438  track_seq                     
2000043c  ui32Period                    
20000440  beat                          
ffffffff  __TI_pprof_out_hndl           
ffffffff  __TI_prof_data_size           
ffffffff  __TI_prof_data_start          
ffffffff  __binit__                     
ffffffff  __c_args__                    
ffffffff  binit                         
UNDEFED   __mpu_init                    
UNDEFED   _system_post_cinit            

[83 symbols]
