******************************************************************************
                  TI ARM Linker Unix v20.2.7                   
******************************************************************************
>> Linked Mon Apr 20 14:55:47 2026

OUTPUT FILE NAME:   <hw4b.out>
ENTRY POINT SYMBOL: "_c_int00_noargs"  address: 000007a5


MEMORY CONFIGURATION

         name            origin    length      used     unused   attr    fill
----------------------  --------  ---------  --------  --------  ----  --------
  FLASH                 00000000   00040000  000008c6  0003f73a  R  X
  SRAM                  20000000   00008000  00000204  00007dfc  RW X


SEGMENT ALLOCATION MAP

run origin  load origin   length   init length attrs members
----------  ----------- ---------- ----------- ----- -------
00000000    00000000    000008c8   000008c8    r-x
  00000000    00000000    0000026c   0000026c    r-- .intvecs
  0000026c    0000026c    0000062e   0000062e    r-x .text
  0000089c    0000089c    00000014   00000014    r-- .const
  000008b0    000008b0    00000018   00000018    r-- .cinit
20000000    20000000    00000204   00000000    rw-
  20000000    20000000    00000200   00000000    rw- .stack
  20000200    20000200    00000004   00000000    rw- .data


SECTION ALLOCATION MAP

 output                                  attributes/
section   page    origin      length       input sections
--------  ----  ----------  ----------   ----------------
.intvecs   0    00000000    0000026c     
                  00000000    0000026c     tm4c123gh6pm_startup_ccs.obj (.intvecs)

.text      0    0000026c    0000062e     
                  0000026c    0000016c     driverlib.lib : gpio.obj (.text:GPIOPadConfigSet)
                  000003d8    000000f4                   : sysctl.obj (.text:SysCtlClockSet)
                  000004cc    0000009c     rtsv7M4_T_le_v4SPD16_eabi.lib : memcpy_t2.asm.obj (.text)
                  00000568    00000094     hw4b.obj (.text)
                  000005fc    00000068     driverlib.lib : interrupt.obj (.text:IntEnable)
                  00000664    00000068     rtsv7M4_T_le_v4SPD16_eabi.lib : copy_decompress_lzss.c.obj (.text:decompress:lzss:__TI_decompress_lzss)
                  000006cc    00000060     driverlib.lib : timer.obj (.text:TimerConfigure)
                  0000072c    00000044     rtsv7M4_T_le_v4SPD16_eabi.lib : autoinit.c.obj (.text:__TI_auto_init_nobinit_nopinit:__TI_auto_init_nobinit_nopinit)
                  00000770    00000034     driverlib.lib : sysctl.obj (.text:SysCtlPeripheralEnable)
                  000007a4    00000034     rtsv7M4_T_le_v4SPD16_eabi.lib : boot_cortex_m.c.obj (.text:_c_int00_noargs:_c_int00_noargs)
                  000007d8    0000002c     driverlib.lib : gpio.obj (.text:GPIODirModeSet)
                  00000804    0000001a                   : gpio.obj (.text:GPIOPinTypeGPIOOutput)
                  0000081e    00000012                   : timer.obj (.text:TimerLoadSet)
                  00000830    00000010                   : interrupt.obj (.text:IntMasterEnable)
                  00000840    0000000e                   : timer.obj (.text:TimerEnable)
                  0000084e    0000000e     rtsv7M4_T_le_v4SPD16_eabi.lib : copy_decompress_none.c.obj (.text:decompress:none:__TI_decompress_none)
                  0000085c    0000000c     driverlib.lib : cpu.obj (.text:CPUcpsie)
                  00000868    0000000c     tm4c123gh6pm_startup_ccs.obj (.text)
                  00000874    00000008     driverlib.lib : timer.obj (.text:TimerIntEnable)
                  0000087c    00000006                   : gpio.obj (.text:GPIOPinRead)
                  00000882    00000006                   : gpio.obj (.text:GPIOPinWrite)
                  00000888    00000006                   : sysctl.obj (.text:SysCtlDelay)
                  0000088e    00000004                   : timer.obj (.text:TimerIntClear)
                  00000892    00000004     rtsv7M4_T_le_v4SPD16_eabi.lib : pre_init.c.obj (.text:_system_pre_init)
                  00000896    00000004                                   : exit.c.obj (.text:abort:abort)

.const     0    0000089c    00000014     
                  0000089c    00000014     driverlib.lib : interrupt.obj (.const:g_pui32EnRegs)

.cinit     0    000008b0    00000018     
                  000008b0    00000008     (.cinit..data.load) [load image, compression = lzss]
                  000008b8    00000008     (__TI_handler_table)
                  000008c0    00000008     (__TI_cinit_table)

.init_array 
*          0    00000000    00000000     UNINITIALIZED

.data      0    20000200    00000004     UNINITIALIZED
                  20000200    00000004     hw4b.obj (.data)

.stack     0    20000000    00000200     UNINITIALIZED
                  20000000    00000004     rtsv7M4_T_le_v4SPD16_eabi.lib : boot_cortex_m.c.obj (.stack)
                  20000004    000001fc     --HOLE--

__llvm_prf_cnts 
*          0    20000000    00000000     UNINITIALIZED

MODULE SUMMARY

       Module                         code   ro data   rw data
       ------                         ----   -------   -------
    ./
       tm4c123gh6pm_startup_ccs.obj   12     620       0      
       hw4b.obj                       148    0         4      
    +--+------------------------------+------+---------+---------+
       Total:                         160    620       4      
                                                              
    /Applications/ti/TivaWare-2.2.0.295/driverlib/ccs/Debug/driverlib.lib
       gpio.obj                       446    0         0      
       sysctl.obj                     302    0         0      
       interrupt.obj                  120    20        0      
       timer.obj                      140    0         0      
       cpu.obj                        12     0         0      
    +--+------------------------------+------+---------+---------+
       Total:                         1020   20        0      
                                                              
    /Applications/ti/ccs1220/ccs/tools/compiler/ti-cgt-arm_20.2.7.LTS/lib/rtsv7M4_T_le_v4SPD16_eabi.lib
       memcpy_t2.asm.obj              156    0         0      
       copy_decompress_lzss.c.obj     104    0         0      
       autoinit.c.obj                 68     0         0      
       boot_cortex_m.c.obj            52     0         0      
       copy_decompress_none.c.obj     14     0         0      
       exit.c.obj                     4      0         0      
       pre_init.c.obj                 4      0         0      
    +--+------------------------------+------+---------+---------+
       Total:                         402    0         0      
                                                              
       Stack:                         0      0         512    
       Linker Generated:              0      24        0      
    +--+------------------------------+------+---------+---------+
       Grand Total:                   1582   664       516    


LINKER GENERATED COPY TABLES

__TI_cinit_table @ 000008c0 records: 1, size/record: 8, table size: 8
	.data: load addr=000008b0, load size=00000008 bytes, run addr=20000200, run size=00000004 bytes, compression=lzss


LINKER GENERATED HANDLER TABLE

__TI_handler_table @ 000008b8 records: 2, size/record: 4, table size: 8
	index: 0, handler: __TI_decompress_lzss
	index: 1, handler: __TI_decompress_none


GLOBAL SYMBOLS: SORTED ALPHABETICALLY BY Name 

address   name                          
-------   ----                          
00000897  C$$EXIT                       
0000085d  CPUcpsie                      
000007d9  GPIODirModeSet                
0000026d  GPIOPadConfigSet              
0000087d  GPIOPinRead                   
00000805  GPIOPinTypeGPIOOutput         
00000883  GPIOPinWrite                  
000005fd  IntEnable                     
00000831  IntMasterEnable               
00000869  ResetISR                      
000003d9  SysCtlClockSet                
00000889  SysCtlDelay                   
00000771  SysCtlPeripheralEnable        
000005b7  Timer0IntHandler              
000006cd  TimerConfigure                
00000841  TimerEnable                   
0000088f  TimerIntClear                 
00000875  TimerIntEnable                
0000081f  TimerLoadSet                  
20000200  __STACK_END                   
00000200  __STACK_SIZE                  
20000200  __STACK_TOP                   
000008c0  __TI_CINIT_Base               
000008c8  __TI_CINIT_Limit              
000008b8  __TI_Handler_Table_Base       
000008c0  __TI_Handler_Table_Limit      
0000072d  __TI_auto_init_nobinit_nopinit
00000665  __TI_decompress_lzss          
0000084f  __TI_decompress_none          
ffffffff  __TI_pprof_out_hndl           
ffffffff  __TI_prof_data_size           
ffffffff  __TI_prof_data_start          
00000000  __TI_static_base__            
000004cd  __aeabi_memcpy                
000004cd  __aeabi_memcpy4               
000004cd  __aeabi_memcpy8               
ffffffff  __binit__                     
ffffffff  __c_args__                    
UNDEFED   __mpu_init                    
20000000  __stack                       
20000000  __start___llvm_prf_cnts       
20000000  __stop___llvm_prf_cnts        
000007a5  _c_int00_noargs               
UNDEFED   _system_post_cinit            
00000893  _system_pre_init              
00000897  abort                         
ffffffff  binit                         
00000000  g_pfnVectors                  
00000569  main                          
000004cd  memcpy                        
20000200  ui32Period                    


GLOBAL SYMBOLS: SORTED BY Symbol Address 

address   name                          
-------   ----                          
00000000  __TI_static_base__            
00000000  g_pfnVectors                  
00000200  __STACK_SIZE                  
0000026d  GPIOPadConfigSet              
000003d9  SysCtlClockSet                
000004cd  __aeabi_memcpy                
000004cd  __aeabi_memcpy4               
000004cd  __aeabi_memcpy8               
000004cd  memcpy                        
00000569  main                          
000005b7  Timer0IntHandler              
000005fd  IntEnable                     
00000665  __TI_decompress_lzss          
000006cd  TimerConfigure                
0000072d  __TI_auto_init_nobinit_nopinit
00000771  SysCtlPeripheralEnable        
000007a5  _c_int00_noargs               
000007d9  GPIODirModeSet                
00000805  GPIOPinTypeGPIOOutput         
0000081f  TimerLoadSet                  
00000831  IntMasterEnable               
00000841  TimerEnable                   
0000084f  __TI_decompress_none          
0000085d  CPUcpsie                      
00000869  ResetISR                      
00000875  TimerIntEnable                
0000087d  GPIOPinRead                   
00000883  GPIOPinWrite                  
00000889  SysCtlDelay                   
0000088f  TimerIntClear                 
00000893  _system_pre_init              
00000897  C$$EXIT                       
00000897  abort                         
000008b8  __TI_Handler_Table_Base       
000008c0  __TI_CINIT_Base               
000008c0  __TI_Handler_Table_Limit      
000008c8  __TI_CINIT_Limit              
20000000  __stack                       
20000000  __start___llvm_prf_cnts       
20000000  __stop___llvm_prf_cnts        
20000200  __STACK_END                   
20000200  __STACK_TOP                   
20000200  ui32Period                    
ffffffff  __TI_pprof_out_hndl           
ffffffff  __TI_prof_data_size           
ffffffff  __TI_prof_data_start          
ffffffff  __binit__                     
ffffffff  __c_args__                    
ffffffff  binit                         
UNDEFED   __mpu_init                    
UNDEFED   _system_post_cinit            

[51 symbols]
