******************************************************************************
                  TI ARM Linker Unix v20.2.7                   
******************************************************************************
>> Linked Mon Apr 20 15:35:17 2026

OUTPUT FILE NAME:   <hw4c.out>
ENTRY POINT SYMBOL: "_c_int00_noargs"  address: 00000865


MEMORY CONFIGURATION

         name            origin    length      used     unused   attr    fill
----------------------  --------  ---------  --------  --------  ----  --------
  FLASH                 00000000   00040000  000009b0  0003f650  R  X
  SRAM                  20000000   00008000  00000214  00007dec  RW X


SEGMENT ALLOCATION MAP

run origin  load origin   length   init length attrs members
----------  ----------- ---------- ----------- ----- -------
00000000    00000000    000009b4   000009b4    r-x
  00000000    00000000    0000026c   0000026c    r-- .intvecs
  0000026c    0000026c    00000704   00000704    r-x .text
  00000970    00000970    00000014   00000014    r-- .const
  00000988    00000988    0000002c   0000002c    r-- .cinit
20000000    20000000    00000214   00000000    rw-
  20000000    20000000    00000200   00000000    rw- .stack
  20000200    20000200    00000014   00000000    rw- .data


SECTION ALLOCATION MAP

 output                                  attributes/
section   page    origin      length       input sections
--------  ----  ----------  ----------   ----------------
.intvecs   0    00000000    0000026c     
                  00000000    0000026c     tm4c123gh6pm_startup_ccs.obj (.intvecs)

.text      0    0000026c    00000704     
                  0000026c    0000016c     driverlib.lib : gpio.obj (.text:GPIOPadConfigSet)
                  000003d8    00000154     hw4c.obj (.text)
                  0000052c    000000f4     driverlib.lib : sysctl.obj (.text:SysCtlClockSet)
                  00000620    0000009c     rtsv7M4_T_le_v4SPD16_eabi.lib : memcpy_t2.asm.obj (.text)
                  000006bc    00000068     driverlib.lib : interrupt.obj (.text:IntEnable)
                  00000724    00000068     rtsv7M4_T_le_v4SPD16_eabi.lib : copy_decompress_lzss.c.obj (.text:decompress:lzss:__TI_decompress_lzss)
                  0000078c    00000060     driverlib.lib : timer.obj (.text:TimerConfigure)
                  000007ec    00000044     rtsv7M4_T_le_v4SPD16_eabi.lib : autoinit.c.obj (.text:__TI_auto_init_nobinit_nopinit:__TI_auto_init_nobinit_nopinit)
                  00000830    00000034     driverlib.lib : sysctl.obj (.text:SysCtlPeripheralEnable)
                  00000864    00000034     rtsv7M4_T_le_v4SPD16_eabi.lib : boot_cortex_m.c.obj (.text:_c_int00_noargs:_c_int00_noargs)
                  00000898    0000002c     driverlib.lib : gpio.obj (.text:GPIODirModeSet)
                  000008c4    0000001a                   : gpio.obj (.text:GPIOPinTypeGPIOOutput)
                  000008de    00000016                   : gpio.obj (.text:GPIOPinTypeGPIOInput)
                  000008f4    00000012                   : timer.obj (.text:TimerLoadSet)
                  00000906    00000010                   : interrupt.obj (.text:IntMasterEnable)
                  00000916    0000000e                   : timer.obj (.text:TimerEnable)
                  00000924    0000000e     rtsv7M4_T_le_v4SPD16_eabi.lib : copy_decompress_none.c.obj (.text:decompress:none:__TI_decompress_none)
                  00000932    0000000c     driverlib.lib : cpu.obj (.text:CPUcpsie)
                  0000093e    0000000c     tm4c123gh6pm_startup_ccs.obj (.text)
                  0000094a    00000008     driverlib.lib : timer.obj (.text:TimerIntEnable)
                  00000952    00000006                   : gpio.obj (.text:GPIOPinRead)
                  00000958    00000006                   : gpio.obj (.text:GPIOPinWrite)
                  0000095e    00000006                   : sysctl.obj (.text:SysCtlDelay)
                  00000964    00000004                   : timer.obj (.text:TimerIntClear)
                  00000968    00000004     rtsv7M4_T_le_v4SPD16_eabi.lib : pre_init.c.obj (.text:_system_pre_init)
                  0000096c    00000004                                   : exit.c.obj (.text:abort:abort)

.const     0    00000970    00000014     
                  00000970    00000014     driverlib.lib : interrupt.obj (.const:g_pui32EnRegs)

.cinit     0    00000988    0000002c     
                  00000988    0000001a     (.cinit..data.load) [load image, compression = lzss]
                  000009a2    00000002     --HOLE-- [fill = 0]
                  000009a4    00000008     (__TI_handler_table)
                  000009ac    00000008     (__TI_cinit_table)

.init_array 
*          0    00000000    00000000     UNINITIALIZED

.data      0    20000200    00000014     UNINITIALIZED
                  20000200    00000010     hw4c.obj (.data:notes)
                  20000210    00000004     hw4c.obj (.data)

.stack     0    20000000    00000200     UNINITIALIZED
                  20000000    00000004     rtsv7M4_T_le_v4SPD16_eabi.lib : boot_cortex_m.c.obj (.stack)
                  20000004    000001fc     --HOLE--

__llvm_prf_cnts 
*          0    20000000    00000000     UNINITIALIZED

MODULE SUMMARY

       Module                         code   ro data   rw data
       ------                         ----   -------   -------
    ./
       tm4c123gh6pm_startup_ccs.obj   12     620       0      
       hw4c.obj                       340    0         20     
    +--+------------------------------+------+---------+---------+
       Total:                         352    620       20     
                                                              
    /Applications/ti/TivaWare-2.2.0.295/driverlib/ccs/Debug/driverlib.lib
       gpio.obj                       468    0         0      
       sysctl.obj                     302    0         0      
       interrupt.obj                  120    20        0      
       timer.obj                      140    0         0      
       cpu.obj                        12     0         0      
    +--+------------------------------+------+---------+---------+
       Total:                         1042   20        0      
                                                              
    /Applications/ti/ccs1220/ccs/tools/compiler/ti-cgt-arm_20.2.7.LTS/lib/rtsv7M4_T_le_v4SPD16_eabi.lib
       memcpy_t2.asm.obj              156    0         0      
       copy_decompress_lzss.c.obj     104    0         0      
       autoinit.c.obj                 68     0         0      
       boot_cortex_m.c.obj            52     0         0      
       copy_decompress_none.c.obj     14     0         0      
       exit.c.obj                     4      0         0      
       pre_init.c.obj                 4      0         0      
    +--+------------------------------+------+---------+---------+
       Total:                         402    0         0      
                                                              
       Stack:                         0      0         512    
       Linker Generated:              0      42        0      
    +--+------------------------------+------+---------+---------+
       Grand Total:                   1796   682       532    


LINKER GENERATED COPY TABLES

__TI_cinit_table @ 000009ac records: 1, size/record: 8, table size: 8
	.data: load addr=00000988, load size=0000001a bytes, run addr=20000200, run size=00000014 bytes, compression=lzss


LINKER GENERATED HANDLER TABLE

__TI_handler_table @ 000009a4 records: 2, size/record: 4, table size: 8
	index: 0, handler: __TI_decompress_lzss
	index: 1, handler: __TI_decompress_none


GLOBAL SYMBOLS: SORTED ALPHABETICALLY BY Name 

address   name                          
-------   ----                          
0000096d  C$$EXIT                       
00000933  CPUcpsie                      
00000899  GPIODirModeSet                
000004b3  GPIOF_initialize              
0000026d  GPIOPadConfigSet              
00000953  GPIOPinRead                   
000008df  GPIOPinTypeGPIOInput          
000008c5  GPIOPinTypeGPIOOutput         
00000959  GPIOPinWrite                  
000006bd  IntEnable                     
00000907  IntMasterEnable               
0000093f  ResetISR                      
0000052d  SysCtlClockSet                
0000095f  SysCtlDelay                   
00000831  SysCtlPeripheralEnable        
00000479  Timer0IntHandler              
0000078d  TimerConfigure                
00000917  TimerEnable                   
00000965  TimerIntClear                 
0000094b  TimerIntEnable                
000008f5  TimerLoadSet                  
20000200  __STACK_END                   
00000200  __STACK_SIZE                  
20000200  __STACK_TOP                   
000009ac  __TI_CINIT_Base               
000009b4  __TI_CINIT_Limit              
000009a4  __TI_Handler_Table_Base       
000009ac  __TI_Handler_Table_Limit      
000007ed  __TI_auto_init_nobinit_nopinit
00000725  __TI_decompress_lzss          
00000925  __TI_decompress_none          
ffffffff  __TI_pprof_out_hndl           
ffffffff  __TI_prof_data_size           
ffffffff  __TI_prof_data_start          
00000000  __TI_static_base__            
00000621  __aeabi_memcpy                
00000621  __aeabi_memcpy4               
00000621  __aeabi_memcpy8               
ffffffff  __binit__                     
ffffffff  __c_args__                    
UNDEFED   __mpu_init                    
20000000  __stack                       
20000000  __start___llvm_prf_cnts       
20000000  __stop___llvm_prf_cnts        
00000865  _c_int00_noargs               
UNDEFED   _system_post_cinit            
00000969  _system_pre_init              
0000096d  abort                         
ffffffff  binit                         
00000000  g_pfnVectors                  
000003d9  main                          
00000621  memcpy                        
20000200  notes                         
20000210  ui32Period                    


GLOBAL SYMBOLS: SORTED BY Symbol Address 

address   name                          
-------   ----                          
00000000  __TI_static_base__            
00000000  g_pfnVectors                  
00000200  __STACK_SIZE                  
0000026d  GPIOPadConfigSet              
000003d9  main                          
00000479  Timer0IntHandler              
000004b3  GPIOF_initialize              
0000052d  SysCtlClockSet                
00000621  __aeabi_memcpy                
00000621  __aeabi_memcpy4               
00000621  __aeabi_memcpy8               
00000621  memcpy                        
000006bd  IntEnable                     
00000725  __TI_decompress_lzss          
0000078d  TimerConfigure                
000007ed  __TI_auto_init_nobinit_nopinit
00000831  SysCtlPeripheralEnable        
00000865  _c_int00_noargs               
00000899  GPIODirModeSet                
000008c5  GPIOPinTypeGPIOOutput         
000008df  GPIOPinTypeGPIOInput          
000008f5  TimerLoadSet                  
00000907  IntMasterEnable               
00000917  TimerEnable                   
00000925  __TI_decompress_none          
00000933  CPUcpsie                      
0000093f  ResetISR                      
0000094b  TimerIntEnable                
00000953  GPIOPinRead                   
00000959  GPIOPinWrite                  
0000095f  SysCtlDelay                   
00000965  TimerIntClear                 
00000969  _system_pre_init              
0000096d  C$$EXIT                       
0000096d  abort                         
000009a4  __TI_Handler_Table_Base       
000009ac  __TI_CINIT_Base               
000009ac  __TI_Handler_Table_Limit      
000009b4  __TI_CINIT_Limit              
20000000  __stack                       
20000000  __start___llvm_prf_cnts       
20000000  __stop___llvm_prf_cnts        
20000200  __STACK_END                   
20000200  __STACK_TOP                   
20000200  notes                         
20000210  ui32Period                    
ffffffff  __TI_pprof_out_hndl           
ffffffff  __TI_prof_data_size           
ffffffff  __TI_prof_data_start          
ffffffff  __binit__                     
ffffffff  __c_args__                    
ffffffff  binit                         
UNDEFED   __mpu_init                    
UNDEFED   _system_post_cinit            

[54 symbols]
